
> frontend@0.1.0 build
> next build

Γû▓ Next.js 16.1.6 (Turbopack)

  Creating an optimized production build ...
node.exe : 
At C:\Program Files\nodejs\npm.ps1:29 
char:3
+   & $NODE_EXE $NPM_CLI_JS $args
+   ~~~~~~~~~~~~~~~~~~~~~~~~~~~~~
    + CategoryInfo          : NotSpecifie 
   d: (:String) [], RemoteException
    + FullyQualifiedErrorId : NativeComma 
   ndError
 
> Build error occurred
Error: Turbopack build failed with 2 
errors:
./src/app/login/page.js:5:1
Module not found: Can't resolve 
'../../pages/Login'
[0m [90m 3 |[39m [36mimport[39m { 
useState } [36mfrom[39m 
[32m'react'[39m[33m;[39m
 [90m 4 |[39m [36mimport[39m { 
useRouter } [36mfrom[39m 
[32m'next/navigation'[39m[33m;[39m
[31m[1m>[22m[39m[90m 5 |[39m 
[36mimport[39m [33mLogin[39m 
[36mfrom[39m 
[32m'../../pages/Login'[39m[33m;[39m
 [90m   |[39m [31m[1m^[22m[39m[31m
[1m^[22m[39m[31m[1m^[22m[39m[31m[1
m^[22m[39m[31m[1m^[22m[39m[31m[1m^
[22m[39m[31m[1m^[22m[39m[31m[1m^[
22m[39m[31m[1m^[22m[39m[31m[1m^[22
m[39m[31m[1m^[22m[39m[31m[1m^[22m
[39m[31m[1m^[22m[39m[31m[1m^[22m[3
9m[31m[1m^[22m[39m[31m[1m^[22m[39m
[31m[1m^[22m[39m[31m[1m^[22m[39m[
31m[1m^[22m[39m[31m[1m^[22m[39m[31
m[1m^[22m[39m[31m[1m^[22m[39m[31m
[1m^[22m[39m[31m[1m^[22m[39m[31m[1
m^[22m[39m[31m[1m^[22m[39m[31m[1m^
[22m[39m[31m[1m^[22m[39m[31m[1m^[
22m[39m[31m[1m^[22m[39m[31m[1m^[22
m[39m[31m[1m^[22m[39m[31m[1m^[22m
[39m[31m[1m^[22m[39m[31m[1m^[22m[3
9m[31m[1m^[22m[39m[31m[1m^[22m[39m
[31m[1m^[22m[39m
 [90m 6 |[39m [36mimport[39m 
[33mSignup[39m [36mfrom[39m 
[32m'../../pages/Signup'[39m[33m;[39m
 [90m 7 |[39m [36mimport[39m { 
useAuth } [36mfrom[39m [32m'../../conte
xt/AuthContext'[39m[33m;[39m
 [90m 8 |[39m [36mimport[39m { 
motion[33m,[39m 
[33mAnimatePresence[39m } 
[36mfrom[39m 
[32m'framer-motion'[39m[33m;[39m[0m



Import traces:
  Client Component Browser:
    ./src/app/login/page.js [Client 
Component Browser]
    ./src/app/login/page.js [Server 
Component]

  Client Component SSR:
    ./src/app/login/page.js [Client 
Component SSR]
    ./src/app/login/page.js [Server 
Component]

https://nextjs.org/docs/messages/module-no
t-found


./src/app/login/page.js:6:1
Module not found: Can't resolve 
'../../pages/Signup'
[0m [90m 4 |[39m [36mimport[39m { 
useRouter } [36mfrom[39m 
[32m'next/navigation'[39m[33m;[39m
 [90m 5 |[39m [36mimport[39m 
[33mLogin[39m [36mfrom[39m 
[32m'../../pages/Login'[39m[33m;[39m
[31m[1m>[22m[39m[90m 6 |[39m 
[36mimport[39m [33mSignup[39m 
[36mfrom[39m 
[32m'../../pages/Signup'[39m[33m;[39m
 [90m   |[39m [31m[1m^[22m[39m[31m
[1m^[22m[39m[31m[1m^[22m[39m[31m[1
m^[22m[39m[31m[1m^[22m[39m[31m[1m^
[22m[39m[31m[1m^[22m[39m[31m[1m^[
22m[39m[31m[1m^[22m[39m[31m[1m^[22
m[39m[31m[1m^[22m[39m[31m[1m^[22m
[39m[31m[1m^[22m[39m[31m[1m^[22m[3
9m[31m[1m^[22m[39m[31m[1m^[22m[39m
[31m[1m^[22m[39m[31m[1m^[22m[39m[
31m[1m^[22m[39m[31m[1m^[22m[39m[31
m[1m^[22m[39m[31m[1m^[22m[39m[31m
[1m^[22m[39m[31m[1m^[22m[39m[31m[1
m^[22m[39m[31m[1m^[22m[39m[31m[1m^
[22m[39m[31m[1m^[22m[39m[31m[1m^[
22m[39m[31m[1m^[22m[39m[31m[1m^[22
m[39m[31m[1m^[22m[39m[31m[1m^[22m
[39m[31m[1m^[22m[39m[31m[1m^[22m[3
9m[31m[1m^[22m[39m[31m[1m^[22m[39m
[31m[1m^[22m[39m[31m[1m^[22m[39m[
31m[1m^[22m[39m
 [90m 7 |[39m [36mimport[39m { 
useAuth } [36mfrom[39m [32m'../../conte
xt/AuthContext'[39m[33m;[39m
 [90m 8 |[39m [36mimport[39m { 
motion[33m,[39m 
[33mAnimatePresence[39m } 
[36mfrom[39m 
[32m'framer-motion'[39m[33m;[39m
 [90m 9 |[39m[0m



Import traces:
  Client Component Browser:
    ./src/app/login/page.js [Client 
Component Browser]
    ./src/app/login/page.js [Server 
Component]

  Client Component SSR:
    ./src/app/login/page.js [Client 
Component SSR]
    ./src/app/login/page.js [Server 
Component]

https://nextjs.org/docs/messages/module-no
t-found


    at <unknown> 
(./src/app/login/page.js:5:1)
    at <unknown> (https://nextjs.org/docs/
messages/module-not-found)
    at <unknown> 
(./src/app/login/page.js:6:1)
    at <unknown> (https://nextjs.org/docs/
messages/module-not-found)
